I'm sorry, but errors were detected in your script. Please correct the
errors listed below, and try again.


File "game/script.rpy", line 902: expected statement.
    *"чпуньк"*
             ^

File "game/script.rpy", line 903: expected statement.
    *"ты превратился в волка"*
                             ^

Ren'Py Version: Ren'Py 6.99.14.3.3347
Sat Mar 02 14:30:18 2019
